true


Program:

begin
  bool f(int x) is
    bool x = true ;
    return x
  end

  bool x = call f(5);
  println x

end