a is 42
b is true
c is u
d is hello
e is #addrs#
f is #addrs#
answer is g

