 1
 2
 3
 4
 5
 6
 7
 8
 9
10
11
12
13
# a simple function is declared, but not called

# Output:

# Program:

begin
  int f() is
    return 0
  end
  skip
end
 