 1
 2
 3
 4
 5
 6
 7
 8
 9
10
11
# simple skip program with comment line

# Output:

# Program:

begin
  # I can write stuff on a comment line
  skip
end
 