 1
 2
 3
 4
 5
 6
 7
 8
 9
10
# simple skip program with comment line ended by EoF not EoL

# Output:

# Program:

begin 
  skip 
end
# I can end a file with a comment