 1
 2
 3
 4
 5
 6
 7
 8
 9
10
# simple skip program with in-line comment

# Output:

# Program:

begin
  skip # I can write comments in-line
end
 