1
2
3
4
5
6
7
8
# simple skip program

# Output:

# Program:

begin skip end
 