Printing an array variable gives an address, such as #addrs#

