-2147483647
-2147483648
#runtime_error#

Exit:
255
