 1
 2
 3
 4
 5
 6
 7
 8
 9
10
11
12
13
14
15
16
17
18
19
20
21
# a simple recursive function

# Output:

# Program:

begin
  int rec(int x) is
    if x == 0
    then
      skip
    else
      int y = call rec(x - 1)
    fi ;
    return 42
  end

  int x = 0 ;
  x = call rec(8)
end
 