 1
 2
 3
 4
 5
 6
 7
 8
 9
10
11
12
# basic sequential composition

# Output:

# Program:

begin
  skip;
  skip;
  skip
end
 