 1
 2
 3
 4
 5
 6
 7
 8
 9
10
11
# simple boolean variable declaration and assignment

# Output:

# Program:

begin
  bool b = false ;
  b = true
end
 