 1
 2
 3
 4
 5
 6
 7
 8
 9
10
11
# simple string variable declaration and assignment

# Output:

# Program:

begin
  string s = "foo" ;
  s = "bar"
end
 