 1
 2
 3
 4
 5
 6
 7
 8
 9
10
# simple true boolean variable declaration

# Output:

# Program:

begin
  bool b = true
end
 