  1
  2
  3
  4
  5
  6
  7
  8
  9
 10
 11
 12
 13
 14
 15
 16
 17
 18
 19
 20
 21
 22
 23
 24
 25
 26
 27
 28
 29
 30
 31
 32
 33
 34
 35
 36
 37
 38
 39
 40
 41
 42
 43
 44
 45
 46
 47
 48
 49
 50
 51
 52
 53
 54
 55
 56
 57
 58
 59
 60
 61
 62
 63
 64
 65
 66
 67
 68
 69
 70
 71
 72
 73
 74
 75
 76
 77
 78
 79
 80
 81
 82
 83
 84
 85
 86
 87
 88
 89
 90
 91
 92
 93
 94
 95
 96
 97
 98
 99
100
101
102
103
104
105
106
107
108
109
110
111
112
113
114
115
116
117
118
119
120
121
122
123
124
125
126
127
128
129
130
131
132
133
134
135
136
137
138
139
140
141
142
143
144
145
146
147
148
149
150
151
152
153
154
155
156
157
158
159
160
161
162
163
164
165
166
167
168
169
170
171
172
173
174
175
176
177
178
179
180
181
182
183
184
185
186
187
188
189
190
191
192
193
194
195
196
197
198
199
200
201
202
203
204
205
206
207
208
209
210
211
212
213
214
215
216
217
218
219
220
221
222
223
224
225
226
227
228
229
230
231
232
233
234
235
236
237
238
239
240
241
242
243
244
245
246
247
248
249
250
251
252
253
254
255
256
257
258
259
260
261
262
263
264
265
266
# creates 257 variables

# Output:

# Program:

begin
int x0 = 0 ;
int x1 = 1 ;
int x2 = 2 ;
int x3 = 3 ;
int x4 = 4 ;
int x5 = 5 ;
int x6 = 6 ;
int x7 = 7 ;
int x8 = 8 ;
int x9 = 9 ;
int x10 = 10 ;
int x11 = 11 ;
int x12 = 12 ;
int x13 = 13 ;
int x14 = 14 ;
int x15 = 15 ;
int x16 = 16 ;
int x17 = 17 ;
int x18 = 18 ;
int x19 = 19 ;
int x20 = 20 ;
int x21 = 21 ;
int x22 = 22 ;
int x23 = 23 ;
int x24 = 24 ;
int x25 = 25 ;
int x26 = 26 ;
int x27 = 27 ;
int x28 = 28 ;
int x29 = 29 ;
int x30 = 30 ;
int x31 = 31 ;
int x32 = 32 ;
int x33 = 33 ;
int x34 = 34 ;
int x35 = 35 ;
int x36 = 36 ;
int x37 = 37 ;
int x38 = 38 ;
int x39 = 39 ;
int x40 = 40 ;
int x41 = 41 ;
int x42 = 42 ;
int x43 = 43 ;
int x44 = 44 ;
int x45 = 45 ;
int x46 = 46 ;
int x47 = 47 ;
int x48 = 48 ;
int x49 = 49 ;
int x50 = 50 ;
int x51 = 51 ;
int x52 = 52 ;
int x53 = 53 ;
int x54 = 54 ;
int x55 = 55 ;
int x56 = 56 ;
int x57 = 57 ;
int x58 = 58 ;
int x59 = 59 ;
int x60 = 60 ;
int x61 = 61 ;
int x62 = 62 ;
int x63 = 63 ;
int x64 = 64 ;
int x65 = 65 ;
int x66 = 66 ;
int x67 = 67 ;
int x68 = 68 ;
int x69 = 69 ;
int x70 = 70 ;
int x71 = 71 ;
int x72 = 72 ;
int x73 = 73 ;
int x74 = 74 ;
int x75 = 75 ;
int x76 = 76 ;
int x77 = 77 ;
int x78 = 78 ;
int x79 = 79 ;
int x80 = 80 ;
int x81 = 81 ;
int x82 = 82 ;
int x83 = 83 ;
int x84 = 84 ;
int x85 = 85 ;
int x86 = 86 ;
int x87 = 87 ;
int x88 = 88 ;
int x89 = 89 ;
int x90 = 90 ;
int x91 = 91 ;
int x92 = 92 ;
int x93 = 93 ;
int x94 = 94 ;
int x95 = 95 ;
int x96 = 96 ;
int x97 = 97 ;
int x98 = 98 ;
int x99 = 99 ;
int x100 = 100 ;
int x101 = 101 ;
int x102 = 102 ;
int x103 = 103 ;
int x104 = 104 ;
int x105 = 105 ;
int x106 = 106 ;
int x107 = 107 ;
int x108 = 108 ;
int x109 = 109 ;
int x110 = 110 ;
int x111 = 111 ;
int x112 = 112 ;
int x113 = 113 ;
int x114 = 114 ;
int x115 = 115 ;
int x116 = 116 ;
int x117 = 117 ;
int x118 = 118 ;
int x119 = 119 ;
int x120 = 120 ;
int x121 = 121 ;
int x122 = 122 ;
int x123 = 123 ;
int x124 = 124 ;
int x125 = 125 ;
int x126 = 126 ;
int x127 = 127 ;
int x128 = 128 ;
int x129 = 129 ;
int x130 = 130 ;
int x131 = 131 ;
int x132 = 132 ;
int x133 = 133 ;
int x134 = 134 ;
int x135 = 135 ;
int x136 = 136 ;
int x137 = 137 ;
int x138 = 138 ;
int x139 = 139 ;
int x140 = 140 ;
int x141 = 141 ;
int x142 = 142 ;
int x143 = 143 ;
int x144 = 144 ;
int x145 = 145 ;
int x146 = 146 ;
int x147 = 147 ;
int x148 = 148 ;
int x149 = 149 ;
int x150 = 150 ;
int x151 = 151 ;
int x152 = 152 ;
int x153 = 153 ;
int x154 = 154 ;
int x155 = 155 ;
int x156 = 156 ;
int x157 = 157 ;
int x158 = 158 ;
int x159 = 159 ;
int x160 = 160 ;
int x161 = 161 ;
int x162 = 162 ;
int x163 = 163 ;
int x164 = 164 ;
int x165 = 165 ;
int x166 = 166 ;
int x167 = 167 ;
int x168 = 168 ;
int x169 = 169 ;
int x170 = 170 ;
int x171 = 171 ;
int x172 = 172 ;
int x173 = 173 ;
int x174 = 174 ;
int x175 = 175 ;
int x176 = 176 ;
int x177 = 177 ;
int x178 = 178 ;
int x179 = 179 ;
int x180 = 180 ;
int x181 = 181 ;
int x182 = 182 ;
int x183 = 183 ;
int x184 = 184 ;
int x185 = 185 ;
int x186 = 186 ;
int x187 = 187 ;
int x188 = 188 ;
int x189 = 189 ;
int x190 = 190 ;
int x191 = 191 ;
int x192 = 192 ;
int x193 = 193 ;
int x194 = 194 ;
int x195 = 195 ;
int x196 = 196 ;
int x197 = 197 ;
int x198 = 198 ;
int x199 = 199 ;
int x200 = 200 ;
int x201 = 201 ;
int x202 = 202 ;
int x203 = 203 ;
int x204 = 204 ;
int x205 = 205 ;
int x206 = 206 ;
int x207 = 207 ;
int x208 = 208 ;
int x209 = 209 ;
int x210 = 210 ;
int x211 = 211 ;
int x212 = 212 ;
int x213 = 213 ;
int x214 = 214 ;
int x215 = 215 ;
int x216 = 216 ;
int x217 = 217 ;
int x218 = 218 ;
int x219 = 219 ;
int x220 = 220 ;
int x221 = 221 ;
int x222 = 222 ;
int x223 = 223 ;
int x224 = 224 ;
int x225 = 225 ;
int x226 = 226 ;
int x227 = 227 ;
int x228 = 228 ;
int x229 = 229 ;
int x230 = 230 ;
int x231 = 231 ;
int x232 = 232 ;
int x233 = 233 ;
int x234 = 234 ;
int x235 = 235 ;
int x236 = 236 ;
int x237 = 237 ;
int x238 = 238 ;
int x239 = 239 ;
int x240 = 240 ;
int x241 = 241 ;
int x242 = 242 ;
int x243 = 243 ;
int x244 = 244 ;
int x245 = 245 ;
int x246 = 246 ;
int x247 = 247 ;
int x248 = 248 ;
int x249 = 249 ;
int x250 = 250 ;
int x251 = 251 ;
int x252 = 252 ;
int x253 = 253 ;
int x254 = 254 ;
int x255 = 255 ;
int x256 = 256
end
 