 1
 2
 3
 4
 5
 6
 7
 8
 9
10
# simple negative integer variable declaration

# Output:

# Program:

begin
  int x = -1
end
 