 1
 2
 3
 4
 5
 6
 7
 8
 9
10
# simple punctuation character variable declaration

# Output:

# Program:

begin
  char c = '!'
end
 