 1
 2
 3
 4
 5
 6
 7
 8
 9
10
# carriage returns should be parsable, but their behaviour is non-portable, so the IO is not currently tested

# Output:

# Program:

begin
  string s = "Hello \r World!\n"
end
 