 1
 2
 3
 4
 5
 6
 7
 8
 9
10
11
12
# simple while loop

# Output:

# Program:

begin
  while false do
    skip
  done
end
 