 1
 2
 3
 4
 5
 6
 7
 8
 9
10
# create a pair (char, char)

# Output:

# Program:

begin
  pair(char, char) p = newpair('a', 'b')
end
 