 1
 2
 3
 4
 5
 6
 7
 8
 9
10
# create a pair (int, int)

# Output:

# Program:

begin
  pair(int, int) p = newpair(10, 3)
end
 