 1
 2
 3
 4
 5
 6
 7
 8
 9
10
# create a pair (int, char)

# Output:

# Program:

begin
  pair(int, char) p = newpair(10, 'a')
end
 