 1
 2
 3
 4
 5
 6
 7
 8
 9
10
11
# create a pair(int, char) with a second reference to it

# Output:

# Program:

begin
  pair(int, char) p = newpair(10, 'a') ;
  pair(int, char) q = p
end
 