 1
 2
 3
 4
 5
 6
 7
 8
 9
10
11
12
# Create and free a simple pair

# Output:

# Program:

begin
  pair(int, char) a = newpair(10, 'a') ;
  free a
end

 