 1
 2
 3
 4
 5
 6
 7
 8
 9
10
11
# create a pair (int, pair (int, int) )

# Output:

# Program:

begin
  pair(int, int) p = newpair(2, 3) ;
  pair(int, pair) q = newpair(1, p)
end
 